connect_tcp.started host='127.0.0.1' port=11434 local_address=None timeout=10 socket_options=None
connect_tcp.complete return_value=<httpcore._backends.anyio.AnyIOStream object at 0x75c0b61d4fe0>
send_request_headers.started request=<Request [b'GET']>
send_request_headers.complete
send_request_body.started request=<Request [b'GET']>
send_request_body.complete
receive_response_headers.started request=<Request [b'GET']>
receive_response_headers.complete return_value=(b'HTTP/1.1', 200, b'OK', [(b'Content-Type', b'application/json; charset=utf-8'), (b'Date', b'Mon, 11 May 2026 22:53:33 GMT'), (b'Transfer-Encoding', b'chunked')])
HTTP Request: GET http://127.0.0.1:11434/api/tags "HTTP/1.1 200 OK"
receive_response_body.started request=<Request [b'GET']>
receive_response_body.complete
response_closed.started
response_closed.complete
close.started
close.complete
connect_tcp.started host='127.0.0.1' port=11434 local_address=None timeout=10 socket_options=None
connect_tcp.complete return_value=<httpcore._backends.anyio.AnyIOStream object at 0x75c0b65b0f80>
send_request_headers.started request=<Request [b'GET']>
send_request_headers.complete
send_request_body.started request=<Request [b'GET']>
send_request_body.complete
receive_response_headers.started request=<Request [b'GET']>
receive_response_headers.complete return_value=(b'HTTP/1.1', 200, b'OK', [(b'Content-Type', b'application/json; charset=utf-8'), (b'Date', b'Mon, 11 May 2026 22:53:38 GMT'), (b'Transfer-Encoding', b'chunked')])
HTTP Request: GET http://127.0.0.1:11434/api/tags "HTTP/1.1 200 OK"
receive_response_body.started request=<Request [b'GET']>
receive_response_body.complete
response_closed.started
response_closed.complete
close.started
close.complete
connect_tcp.started host='127.0.0.1' port=11434 local_address=None timeout=10 socket_options=None
connect_tcp.complete return_value=<httpcore._backends.anyio.AnyIOStream object at 0x70801108c590>
send_request_headers.started request=<Request [b'GET']>
send_request_headers.complete
send_request_body.started request=<Request [b'GET']>
send_request_body.complete
receive_response_headers.started request=<Request [b'GET']>
receive_response_headers.complete return_value=(b'HTTP/1.1', 200, b'OK', [(b'Content-Type', b'application/json; charset=utf-8'), (b'Date', b'Mon, 11 May 2026 22:55:07 GMT'), (b'Transfer-Encoding', b'chunked')])
HTTP Request: GET http://127.0.0.1:11434/api/tags "HTTP/1.1 200 OK"
receive_response_body.started request=<Request [b'GET']>
receive_response_body.complete
response_closed.started
response_closed.complete
close.started
close.complete
connect_tcp.started host='127.0.0.1' port=11434 local_address=None timeout=10 socket_options=None
connect_tcp.complete return_value=<httpcore._backends.anyio.AnyIOStream object at 0x7080172c2300>
send_request_headers.started request=<Request [b'GET']>
send_request_headers.complete
send_request_body.started request=<Request [b'GET']>
send_request_body.complete
receive_response_headers.started request=<Request [b'GET']>
receive_response_headers.complete return_value=(b'HTTP/1.1', 200, b'OK', [(b'Content-Type', b'application/json; charset=utf-8'), (b'Date', b'Mon, 11 May 2026 23:28:34 GMT'), (b'Transfer-Encoding', b'chunked')])
HTTP Request: GET http://127.0.0.1:11434/api/tags "HTTP/1.1 200 OK"
receive_response_body.started request=<Request [b'GET']>
receive_response_body.complete
response_closed.started
response_closed.complete
close.started
close.complete
connect_tcp.started host='127.0.0.1' port=11434 local_address=None timeout=10.0 socket_options=None
connect_tcp.complete return_value=<httpcore._backends.anyio.AnyIOStream object at 0x708010596060>
send_request_headers.started request=<Request [b'POST']>
send_request_headers.complete
send_request_body.started request=<Request [b'POST']>
send_request_body.complete
receive_response_headers.started request=<Request [b'POST']>
receive_response_headers.complete return_value=(b'HTTP/1.1', 200, b'OK', [(b'Content-Type', b'application/json; charset=utf-8'), (b'Date', b'Mon, 11 May 2026 23:29:08 GMT'), (b'Content-Length', b'1779')])
HTTP Request: POST http://127.0.0.1:11434/api/chat "HTTP/1.1 200 OK"
receive_response_body.started request=<Request [b'POST']>
receive_response_body.complete
response_closed.started
response_closed.complete
close.started
close.complete
connect_tcp.started host='127.0.0.1' port=11434 local_address=None timeout=10 socket_options=None
connect_tcp.complete return_value=<httpcore._backends.anyio.AnyIOStream object at 0x7080115a4110>
send_request_headers.started request=<Request [b'GET']>
send_request_headers.complete
send_request_body.started request=<Request [b'GET']>
send_request_body.complete
receive_response_headers.started request=<Request [b'GET']>
receive_response_headers.complete return_value=(b'HTTP/1.1', 200, b'OK', [(b'Content-Type', b'application/json; charset=utf-8'), (b'Date', b'Mon, 11 May 2026 23:30:03 GMT'), (b'Transfer-Encoding', b'chunked')])
HTTP Request: GET http://127.0.0.1:11434/api/tags "HTTP/1.1 200 OK"
receive_response_body.started request=<Request [b'GET']>
receive_response_body.complete
response_closed.started
response_closed.complete
close.started
close.complete
connect_tcp.started host='127.0.0.1' port=11434 local_address=None timeout=10.0 socket_options=None
connect_tcp.complete return_value=<httpcore._backends.anyio.AnyIOStream object at 0x7080110b60c0>
send_request_headers.started request=<Request [b'POST']>
send_request_headers.complete
send_request_body.started request=<Request [b'POST']>
send_request_body.complete
receive_response_headers.started request=<Request [b'POST']>
receive_response_headers.complete return_value=(b'HTTP/1.1', 200, b'OK', [(b'Content-Type', b'application/json; charset=utf-8'), (b'Date', b'Mon, 11 May 2026 23:30:26 GMT'), (b'Content-Length', b'1381')])
HTTP Request: POST http://127.0.0.1:11434/api/chat "HTTP/1.1 200 OK"
receive_response_body.started request=<Request [b'POST']>
receive_response_body.complete
response_closed.started
response_closed.complete
close.started
close.complete
connect_tcp.started host='127.0.0.1' port=11434 local_address=None timeout=10 socket_options=None
connect_tcp.complete return_value=<httpcore._backends.anyio.AnyIOStream object at 0x708011210050>
send_request_headers.started request=<Request [b'GET']>
send_request_headers.complete
send_request_body.started request=<Request [b'GET']>
send_request_body.complete
receive_response_headers.started request=<Request [b'GET']>
receive_response_headers.complete return_value=(b'HTTP/1.1', 200, b'OK', [(b'Content-Type', b'application/json; charset=utf-8'), (b'Date', b'Mon, 11 May 2026 23:35:19 GMT'), (b'Transfer-Encoding', b'chunked')])
HTTP Request: GET http://127.0.0.1:11434/api/tags "HTTP/1.1 200 OK"
receive_response_body.started request=<Request [b'GET']>
receive_response_body.complete
response_closed.started
response_closed.complete
close.started
close.complete
connect_tcp.started host='127.0.0.1' port=11434 local_address=None timeout=10.0 socket_options=None
connect_tcp.complete return_value=<httpcore._backends.anyio.AnyIOStream object at 0x708011447290>
send_request_headers.started request=<Request [b'POST']>
send_request_headers.complete
send_request_body.started request=<Request [b'POST']>
send_request_body.complete
receive_response_headers.started request=<Request [b'POST']>
receive_response_headers.complete return_value=(b'HTTP/1.1', 200, b'OK', [(b'Content-Type', b'application/json; charset=utf-8'), (b'Date', b'Mon, 11 May 2026 23:35:46 GMT'), (b'Content-Length', b'1646')])
HTTP Request: POST http://127.0.0.1:11434/api/chat "HTTP/1.1 200 OK"
receive_response_body.started request=<Request [b'POST']>
receive_response_body.complete
response_closed.started
response_closed.complete
close.started
close.complete
